max_provinces = 685
definitions = "definition.csv"
provinces = "provinces.bmp"
positions = "positions.txt"
terrain = "terrain.bmp"
rivers = "rivers.bmp"
terrain_definition = "terrain.txt"
heightmap = "topology.bmp"
tree_definition = "trees.bmp"
continent = "continent.txt"
adjacencies = "adjacencies.csv"
climate = "climate.txt"
region = "island_region.txt"
geographical_region = "geographical_region.txt"
static = "statics"
seasons = "seasons.txt"

sea_zones = { 390 539 }
sea_zones = { 567 567 }
sea_zones = { 608 608 }
sea_zones = { 682 684 }

ocean_region = {	# Great Ocean
	sea_zones = { 1 2 3 4 }
}

# Define which indices in trees.bmp palette which should count as trees for automatic terrain assignment
tree = { 3 4 7 10 }

major_rivers = {
	# Great Ocean
	517  #AirRiver
	# 520  #Blue River
	519  #East Yue
	# 533  #Gaoling River
	#522 523 524  #Da Xijiang
	#525 526 527  #lake
	# 528 684  #Da Dongjiang
	# 529   #Yellow
	# 530 531  #Green
	# 532 683  #Red
	608  #MianTeng River
	682  #Jianjiang River
	516  #Lake Laogai
	# 537  #Majia River
	# 539  #Minjiang River
	# 534 535  #Serpent's Tongue
	# 538  #Tuhai River
	# 521  #Xifang River
}
